Script started on Fri Apr 17 18:14:57 2015
[?1034h[01;37m0 [01;32mâœ“ [01;32mKilenaitor@vpn-233-133[01;34m ~/Desktop/rshell/tests $[00m cd ../
[01;37m0 [01;32mâœ“ [01;32mKilenaitor@vpn-233-133[01;34m ~/Desktop/rshell $[00m make clean[K[K[K[K[K[K[K[K[K[Kecho "Run[K[K[KTesting simple commands"
Testing simple commands
[01;37m0 [01;32mâœ“ [01;32mKilenaitor@vpn-233-133[01;34m ~/Desktop/rshell $[00m bin/rshell 
Kilenaitor@vpn-233-133.bulk.ucr.edu $ ls
LICENSE   README.md [1m[36mbin[39;49m[0m       makefile  [1m[36msrc[39;49m[0m       [1m[36mtests[39;49m[0m
Kilenaitor@vpn-233-133.bulk.ucr.edu $ echo

Kilenaitor@vpn-233-133.bulk.ucr.edu $ mkdir
usage: mkdir [-pv] [-m mode] directory ...
Kilenaitor@vpn-233-133.bulk.ucr.edu $ ps
  PID TTY           TIME CMD
55662 ttys000    0:00.01 script exec.script
67101 ttys000    0:02.16 -bash
55663 ttys001    0:00.01 /bin/bash -i
55680 ttys001    0:00.00 bin/rshell
54538 ttys002    0:00.11 -bash
Kilenaitor@vpn-233-133.bulk.ucr.edu $ mv
usage: mv [-f | -i | -n] [-v] source target
       mv [-f | -i | -n] [-v] source ... directory
Kilenaitor@vpn-233-133.bulk.ucr.edu $ ls -l
total 24
-rw-r--r--@ 1 Kilenaitor  staff  1478 Apr  8 21:02 LICENSE
-rw-r--r--  1 Kilenaitor  staff  1258 Apr 17 17:16 README.md
drwxr-xr-x  3 Kilenaitor  staff   102 Apr 17 18:14 [1m[36mbin[39;49m[0m
-rw-r--r--  1 Kilenaitor  staff   178 Apr 17 02:34 makefile
drwxr-xr-x  3 Kilenaitor  staff   102 Apr 17 17:16 [1m[36msrc[39;49m[0m
drwxr-xr-x  3 Kilenaitor  staff   102 Apr 17 18:14 [1m[36mtests[39;49m[0m
Kilenaitor@vpn-233-133.bulk.ucr.edu $ ls -a
[1m[36m.[39;49m[0m          [1m[36m..[39;49m[0m         [1m[36m.git[39;49m[0m       .gitignore LICENSE    README.md  [1m[36mbin[39;49m[0m        makefile   [1m[36msrc[39;49m[0m        [1m[36mtests[39;49m[0m
Kilenaitor@vpn-233-133.bulk.ucr.edu $ ls -la
total 32
drwxr-xr-x  10 Kilenaitor  staff   340 Apr 17 18:14 [1m[36m.[39;49m[0m
drwxr-xr-x+ 24 Kilenaitor  staff   816 Apr 15 16:06 [1m[36m..[39;49m[0m
drwxr-xr-x  15 Kilenaitor  staff   510 Apr 17 17:37 [1m[36m.git[39;49m[0m
-rw-r--r--   1 Kilenaitor  staff   249 Apr  9 22:01 .gitignore
-rw-r--r--@  1 Kilenaitor  staff  1478 Apr  8 21:02 LICENSE
-rw-r--r--   1 Kilenaitor  staff  1258 Apr 17 17:16 README.md
drwxr-xr-x   3 Kilenaitor  staff   102 Apr 17 18:14 [1m[36mbin[39;49m[0m
-rw-r--r--   1 Kilenaitor  staff   178 Apr 17 02:34 makefile
drwxr-xr-x   3 Kilenaitor  staff   102 Apr 17 17:16 [1m[36msrc[39;49m[0m
drwxr-xr-x   3 Kilenaitor  staff   102 Apr 17 18:14 [1m[36mtests[39;49m[0m
Kilenaitor@vpn-233-133.bulk.ucr.edu $ ls 0l  -lha
total 32
drwxr-xr-x  10 Kilenaitor  staff   340B Apr 17 18:14 [1m[36m.[39;49m[0m
drwxr-xr-x+ 24 Kilenaitor  staff   816B Apr 15 16:06 [1m[36m..[39;49m[0m
drwxr-xr-x  15 Kilenaitor  staff   510B Apr 17 17:37 [1m[36m.git[39;49m[0m
-rw-r--r--   1 Kilenaitor  staff   249B Apr  9 22:01 .gitignore
-rw-r--r--@  1 Kilenaitor  staff   1.4K Apr  8 21:02 LICENSE
-rw-r--r--   1 Kilenaitor  staff   1.2K Apr 17 17:16 README.md
drwxr-xr-x   3 Kilenaitor  staff   102B Apr 17 18:14 [1m[36mbin[39;49m[0m
-rw-r--r--   1 Kilenaitor  staff   178B Apr 17 02:34 makefile
drwxr-xr-x   3 Kilenaitor  staff   102B Apr 17 17:16 [1m[36msrc[39;49m[0m
drwxr-xr-x   3 Kilenaitor  staff   102B Apr 17 18:14 [1m[36mtests[39;49m[0m
Kilenaitor@vpn-233-133.bulk.ucr.edu $ echo test
test
Kilenaitor@vpn-233-133.bulk.ucr.edu $ echo "this is a test"
this is a test
Kilenaitor@vpn-233-133.bulk.ucr.edu $ echo "      ls -l -h -a
total 32
drwxr-xr-x  10 Kilenaitor  staff   340B Apr 17 18:14 [1m[36m.[39;49m[0m
drwxr-xr-x+ 24 Kilenaitor  staff   816B Apr 15 16:06 [1m[36m..[39;49m[0m
drwxr-xr-x  15 Kilenaitor  staff   510B Apr 17 17:37 [1m[36m.git[39;49m[0m
-rw-r--r--   1 Kilenaitor  staff   249B Apr  9 22:01 .gitignore
-rw-r--r--@  1 Kilenaitor  staff   1.4K Apr  8 21:02 LICENSE
-rw-r--r--   1 Kilenaitor  staff   1.2K Apr 17 17:16 README.md
drwxr-xr-x   3 Kilenaitor  staff   102B Apr 17 18:14 [1m[36mbin[39;49m[0m
-rw-r--r--   1 Kilenaitor  staff   178B Apr 17 02:34 makefile
drwxr-xr-x   3 Kilenaitor  staff   102B Apr 17 17:16 [1m[36msrc[39;49m[0m
drwxr-xr-x   3 Kilenaitor  staff   102B Apr 17 18:14 [1m[36mtests[39;49m[0m
Kilenaitor@vpn-233-133.bulk.ucr.edu $ ls -l        -l
total 24
-rw-r--r--@ 1 Kilenaitor  staff  1478 Apr  8 21:02 LICENSE
-rw-r--r--  1 Kilenaitor  staff  1258 Apr 17 17:16 README.md
drwxr-xr-x  3 Kilenaitor  staff   102 Apr 17 18:14 [1m[36mbin[39;49m[0m
-rw-r--r--  1 Kilenaitor  staff   178 Apr 17 02:34 makefile
drwxr-xr-x  3 Kilenaitor  staff   102 Apr 17 17:16 [1m[36msrc[39;49m[0m
drwxr-xr-x  3 Kilenaitor  staff   102 Apr 17 18:14 [1m[36mtests[39;49m[0m
Kilenaitor@vpn-233-133.bulk.ucr.edu $ echo this is such a really cool test wow it just keeps going on an d  d on and on
this is such a really cool test wow it just keeps going on and on and on
Kilenaitor@vpn-233-133.bulk.ucr.edu $ echo "this is such a cool ytest"      test  : " "yeah it really is a cool test" "yeah this is awesome" "sup"    er  per" "sp uper" "super" "cool"
this is such a cool test yeah it really is a cool test yeah this is awesome super super super cool
Kilenaitor@vpn-233-133.bulk.ucr.edu $ 
Kilenaitor@vpn-233-133.bulk.ucr.edu $ 
Kilenaitor@vpn-233-133.bulk.ucr.edu $ 
Kilenaitor@vpn-233-133.bulk.ucr.edu $ ls
LICENSE   README.md [1m[36mbin[39;49m[0m       makefile  [1m[36msrc[39;49m[0m       [1m[36mtests[39;49m[0m
Kilenaitor@vpn-233-133.bulk.ucr.edu $ ls -lha
total 32
drwxr-xr-x  10 Kilenaitor  staff   340B Apr 17 18:14 [1m[36m.[39;49m[0m
drwxr-xr-x+ 24 Kilenaitor  staff   816B Apr 15 16:06 [1m[36m..[39;49m[0m
drwxr-xr-x  15 Kilenaitor  staff   510B Apr 17 17:37 [1m[36m.git[39;49m[0m
-rw-r--r--   1 Kilenaitor  staff   249B Apr  9 22:01 .gitignore
-rw-r--r--@  1 Kilenaitor  staff   1.4K Apr  8 21:02 LICENSE
-rw-r--r--   1 Kilenaitor  staff   1.2K Apr 17 17:16 README.md
drwxr-xr-x   3 Kilenaitor  staff   102B Apr 17 18:14 [1m[36mbin[39;49m[0m
-rw-r--r--   1 Kilenaitor  staff   178B Apr 17 02:34 makefile
drwxr-xr-x   3 Kilenaitor  staff   102B Apr 17 17:16 [1m[36msrc[39;49m[0m
drwxr-xr-x   3 Kilenaitor  staff   102B Apr 17 18:14 [1m[36mtests[39;49m[0m
Kilenaitor@vpn-233-133.bulk.ucr.edu $ 
Kilenaitor@vpn-233-133.bulk.ucr.edu $ 
Kilenaitor@vpn-233-133.bulk.ucr.edu $ 
Kilenaitor@vpn-233-133.bulk.ucr.edu $ 
Kilenaitor@vpn-233-133.bulk.ucr.edu $ rs  binrs   n/rshell          pwd
/Users/Kilenaitor/Desktop/rshell
Kilenaitor@vpn-233-133.bulk.ucr.edu $ bin/rshell
Kilenaitor@vpn-233-133.bulk.ucr.edu $ ps
  PID TTY           TIME CMD
55662 ttys000    0:00.02 script exec.script
67101 ttys000    0:02.16 -bash
55663 ttys001    0:00.01 /bin/bash -i
55680 ttys001    0:00.01 bin/rshell
55882 ttys001    0:00.00 bin/rshell
54538 ttys002    0:00.11 -bash
55753 ttys003    0:00.03 -bash
Kilenaitor@vpn-233-133.bulk.ucr.edu $ exit
Kilenaitor@vpn-233-133.bulk.ucr.edu $ ps
  PID TTY           TIME CMD
55662 ttys000    0:00.02 script exec.script
67101 ttys000    0:02.16 -bash
55663 ttys001    0:00.01 /bin/bash -i
55680 ttys001    0:00.01 bin/rshell
54538 ttys002    0:00.11 -bash
55753 ttys003    0:00.03 -bash
Kilenaitor@vpn-233-133.bulk.ucr.edu $ 
Kilenaitor@vpn-233-133.bulk.ucr.edu $ 
Kilenaitor@vpn-233-133.bulk.ucr.edu $ 
Kilenaitor@vpn-233-133.bulk.ucr.edu $ 
Kilenaitor@vpn-233-133.bulk.ucr.edu $ 
Kilenaitor@vpn-233-133.bulk.ucr.edu $ asdf
-rshell: asdf: No such file or directory
Kilenaitor@vpn-233-133.bulk.ucr.edu $ af
-rshell: af: No such file or directory
Kilenaitor@vpn-233-133.bulk.ucr.edu $ djk
-rshell: djk: No such file or directory
Kilenaitor@vpn-233-133.bulk.ucr.edu $ 
Kilenaitor@vpn-233-133.bulk.ucr.edu $ 
Kilenaitor@vpn-233-133.bulk.ucr.edu $ 
Kilenaitor@vpn-233-133.bulk.ucr.edu $ 
Kilenaitor@vpn-233-133.bulk.ucr.edu $        ls       -        l     -h                   a -a
total 32
drwxr-xr-x  10 Kilenaitor  staff   340B Apr 17 18:14 [1m[36m.[39;49m[0m
drwxr-xr-x+ 24 Kilenaitor  staff   816B Apr 15 16:06 [1m[36m..[39;49m[0m
drwxr-xr-x  15 Kilenaitor  staff   510B Apr 17 17:37 [1m[36m.git[39;49m[0m
-rw-r--r--   1 Kilenaitor  staff   249B Apr  9 22:01 .gitignore
-rw-r--r--@  1 Kilenaitor  staff   1.4K Apr  8 21:02 LICENSE
-rw-r--r--   1 Kilenaitor  staff   1.2K Apr 17 17:16 README.md
drwxr-xr-x   3 Kilenaitor  staff   102B Apr 17 18:14 [1m[36mbin[39;49m[0m
-rw-r--r--   1 Kilenaitor  staff   178B Apr 17 02:34 makefile
drwxr-xr-x   3 Kilenaitor  staff   102B Apr 17 17:16 [1m[36msrc[39;49m[0m
drwxr-xr-x   3 Kilenaitor  staff   102B Apr 17 18:14 [1m[36mtests[39;49m[0m
Kilenaitor@vpn-233-133.bulk.ucr.edu $         ls                                   -l                      ;
total 24
-rw-r--r--@ 1 Kilenaitor  staff  1478 Apr  8 21:02 LICENSE
-rw-r--r--  1 Kilenaitor  staff  1258 Apr 17 17:16 README.md
drwxr-xr-x  3 Kilenaitor  staff   102 Apr 17 18:14 [1m[36mbin[39;49m[0m
-rw-r--r--  1 Kilenaitor  staff   178 Apr 17 02:34 makefile
drwxr-xr-x  3 Kilenaitor  staff   102 Apr 17 17:16 [1m[36msrc[39;49m[0m
drwxr-xr-x  3 Kilenaitor  staff   102 Apr 17 18:14 [1m[36mtests[39;49m[0m
Kilenaitor@vpn-233-133.bulk.ucr.edu $ 
Kilenaitor@vpn-233-133.bulk.ucr.edu $ 
Kilenaitor@vpn-233-133.bulk.ucr.edu $ 
Kilenaitor@vpn-233-133.bulk.ucr.edu $ 
Kilenaitor@vpn-233-133.bulk.ucr.edu $ 
Kilenaitor@vpn-233-133.bulk.ucr.edu $ echo "Testing connectors"
Testing connectors
Kilenaitor@vpn-233-133.bulk.ucr.edu $ 
Kilenaitor@vpn-233-133.bulk.ucr.edu $ 
Kilenaitor@vpn-233-133.bulk.ucr.edu $ 
Kilenaitor@vpn-233-133.bulk.ucr.edu $ 
Kilenaitor@vpn-233-133.bulk.ucr.edu $ 
Kilenaitor@vpn-233-133.bulk.ucr.edu $ 
Kilenaitor@vpn-233-133.bulk.ucr.edu $ 
Kilenaitor@vpn-233-133.bulk.ucr.edu $ echo "test"; echo          1"  ; echo "test 2"; echo "test 3"
test 1
test 2
test 3
Kilenaitor@vpn-233-133.bulk.ucr.edu $ echo "test 1" || echo "test 2"
test 1
Kilenaitor@vpn-233-133.bulk.ucr.edu $ echo "test 1" && echo "test 2"
test 1
test 2
Kilenaitor@vpn-233-133.bulk.ucr.edu $ echo "test1  1"               asdf "test 1" || echo "t  "first command failed"
-rshell: asdf: No such file or directory
first command failed
Kilenaitor@vpn-233-133.bulk.ucr.edu $ asdf "test 1" && echo "wont run because first command failed"
-rshell: asdf: No such file or directory
Kilenaitor@vpn-233-133.bulk.ucr.edu $ 
Kilenaitor@vpn-233-133.bulk.ucr.edu $ 
Kilenaitor@vpn-233-133.bulk.ucr.edu $ 
Kilenaitor@vpn-233-133.bulk.ucr.edu $ asdf "echo    test"; echo "test"
-rshell: asdf: No such file or directory
test
Kilenaitor@vpn-233-133.bulk.ucr.edu $ 
Kilenaitor@vpn-233-133.bulk.ucr.edu $ 
Kilenaitor@vpn-233-133.bulk.ucr.edu $ 
Kilenaitor@vpn-233-133.bulk.ucr.edu $ 
Kilenaitor@vpn-233-133.bulk.ucr.edu $ 
Kilenaitor@vpn-233-133.bulk.ucr.edu $ 
Kilenaitor@vpn-233-133.bulk.ucr.edu $ echo "this      test 1" || echo "test 1"  2" || echo "test 3" || echo "test 4"
test 1
Kilenaitor@vpn-233-133.bulk.ucr.edu $ echo "test 1" && echo "test 2" ||  ^^    && echo "test 4" ||  && echo "test 56 "
test 1
test 2
test 4
test 5
Kilenaitor@vpn-233-133.bulk.ucr.edu $ echo "test 1" || echo "test 1.5" && echo "test 2.5" || echo "here"
test 1
test 2.5
Kilenaitor@vpn-233-133.bulk.ucr.edu $ echo "test 1"; echo "test 2" || echo "test 3" && echo "test 4" || asdf 4"  "4" && echo "nope"; ls -lha
test 1
test 2
test 4
nope
total 32
drwxr-xr-x  10 Kilenaitor  staff   340B Apr 17 18:14 [1m[36m.[39;49m[0m
drwxr-xr-x+ 24 Kilenaitor  staff   816B Apr 15 16:06 [1m[36m..[39;49m[0m
drwxr-xr-x  15 Kilenaitor  staff   510B Apr 17 17:37 [1m[36m.git[39;49m[0m
-rw-r--r--   1 Kilenaitor  staff   249B Apr  9 22:01 .gitignore
-rw-r--r--@  1 Kilenaitor  staff   1.4K Apr  8 21:02 LICENSE
-rw-r--r--   1 Kilenaitor  staff   1.2K Apr 17 17:16 README.md
drwxr-xr-x   3 Kilenaitor  staff   102B Apr 17 18:14 [1m[36mbin[39;49m[0m
-rw-r--r--   1 Kilenaitor  staff   178B Apr 17 02:34 makefile
drwxr-xr-x   3 Kilenaitor  staff   102B Apr 17 17:16 [1m[36msrc[39;49m[0m
drwxr-xr-x   3 Kilenaitor  staff   102B Apr 17 18:14 [1m[36mtests[39;49m[0m
Kilenaitor@vpn-233-133.bulk.ucr.edu $ 
Kilenaitor@vpn-233-133.bulk.ucr.edu $ 
Kilenaitor@vpn-233-133.bulk.ucr.edu $ 
Kilenaitor@vpn-233-133.bulk.ucr.edu $ 
Kilenaitor@vpn-233-133.bulk.ucr.edu $ 
Kilenaitor@vpn-233-133.bulk.ucr.edu $ 
Kilenaitor@vpn-233-133.bulk.ucr.edu $ 
Kilenaitor@vpn-233-133.bulk.ucr.edu $ 
Kilenaitor@vpn-233-133.bulk.ucr.edu $ 
Kilenaitor@vpn-233-133.bulk.ucr.edu $ echo "this"||echo "that"
this||echo that
Kilenaitor@vpn-233-133.bulk.ucr.edu $ echo "Can't do connectors without spaces between them."
Cant do connectors without spaces between them.
Kilenaitor@vpn-233-133.bulk.ucr.edu $ 
Kilenaitor@vpn-233-133.bulk.ucr.edu $ 
Kilenaitor@vpn-233-133.bulk.ucr.edu $ 
Kilenaitor@vpn-233-133.bulk.ucr.edu $ 
Kilenaitor@vpn-233-133.bulk.ucr.edu $ 
Kilenaitor@vpn-233-133.bulk.ucr.edu $ || echo "test"
test
Kilenaitor@vpn-233-133.bulk.ucr.edu $ e && echo "ts est"
test
Kilenaitor@vpn-233-133.bulk.ucr.edu $ 
Kilenaitor@vpn-233-133.bulk.ucr.edu $ 
Kilenaitor@vpn-233-133.bulk.ucr.edu $ echo "this" || e || || || echo "that"
this
Kilenaitor@vpn-233-133.bulk.ucr.edu $ echo "this  " Y&&   && && && && echo "that"
this
that
Kilenaitor@vpn-233-133.bulk.ucr.edu $ echo "Yeah you can chain commands ; :)"
Yeah you can chain commands :)
Kilenaitor@vpn-233-133.bulk.ucr.edu $ 
Kilenaitor@vpn-233-133.bulk.ucr.edu $ 
Kilenaitor@vpn-233-133.bulk.ucr.edu $ 
Kilenaitor@vpn-233-133.bulk.ucr.edu $ 
Kilenaitor@vpn-233-133.bulk.ucr.edu $ 
Kilenaitor@vpn-233-133.bulk.ucr.edu $ echo "I mean  , chain connectors***"
I mean, chain connectors***
Kilenaitor@vpn-233-133.bulk.ucr.edu $ 
Kilenaitor@vpn-233-133.bulk.ucr.edu $ 
Kilenaitor@vpn-233-133.bulk.ucr.edu $ 
Kilenaitor@vpn-233-133.bulk.ucr.edu $ 
Kilenaitor@vpn-233-133.bulk.ucr.edu $ 
Kilenaitor@vpn-233-133.bulk.ucr.edu $ 
Kilenaitor@vpn-233-133.bulk.ucr.edu $ echo "Testing exists"    ts"
Testing exits
Kilenaitor@vpn-233-133.bulk.ucr.edu $ 
Kilenaitor@vpn-233-133.bulk.ucr.edu $ 
Kilenaitor@vpn-233-133.bulk.ucr.edu $ 
Kilenaitor@vpn-233-133.bulk.ucr.edu $ 
Kilenaitor@vpn-233-133.bulk.ucr.edu $ exit
[01;37m0 [01;32mâœ“ [01;32mKilenaitor@vpn-233-133[01;34m ~/Desktop/rshell $[00m bin/rshell 
Kilenaitor@vpn-233-133.bulk.ucr.edu $ 
Kilenaitor@vpn-233-133.bulk.ucr.edu $ 
Kilenaitor@vpn-233-133.bulk.ucr.edu $ exit -lha
[01;37m0 [01;32mâœ“ [01;32mKilenaitor@vpn-233-133[01;34m ~/Desktop/rshell $[00m bin/rshell 
Kilenaitor@vpn-233-133.bulk.ucr.edu $ ext -a    it -a -n "now         n h immediatly ely         iately
[01;37m0 [01;32mâœ“ [01;32mKilenaitor@vpn-233-133[01;34m ~/Desktop/rshell $[00m bin/rshell 
Kilenaitor@vpn-233-133.bulk.ucr.edu $ ls -l exit
ls: exit: No such file or directory
Kilenaitor@vpn-233-133.bulk.ucr.edu $ 
Kilenaitor@vpn-233-133.bulk.ucr.edu $ 
Kilenaitor@vpn-233-133.bulk.ucr.edu $ echo "exit"
exit
Kilenaitor@vpn-233-133.bulk.ucr.edu $ 
Kilenaitor@vpn-233-133.bulk.ucr.edu $ 
Kilenaitor@vpn-233-133.bulk.ucr.edu $ ls -l; exit
total 24
-rw-r--r--@ 1 Kilenaitor  staff  1478 Apr  8 21:02 LICENSE
-rw-r--r--  1 Kilenaitor  staff  1258 Apr 17 17:16 README.md
drwxr-xr-x  3 Kilenaitor  staff   102 Apr 17 18:14 [1m[36mbin[39;49m[0m
-rw-r--r--  1 Kilenaitor  staff   178 Apr 17 02:34 makefile
drwxr-xr-x  3 Kilenaitor  staff   102 Apr 17 17:16 [1m[36msrc[39;49m[0m
drwxr-xr-x  3 Kilenaitor  staff   102 Apr 17 18:14 [1m[36mtests[39;49m[0m
[01;37m0 [01;32mâœ“ [01;32mKilenaitor@vpn-233-133[01;34m ~/Desktop/rshell $[00m bin/rshell 
Kilenaitor@vpn-233-133.bulk.ucr.edu $ 
Kilenaitor@vpn-233-133.bulk.ucr.edu $ 
Kilenaitor@vpn-233-133.bulk.ucr.edu $ 
Kilenaitor@vpn-233-133.bulk.ucr.edu $ 
Kilenaitor@vpn-233-133.bulk.ucr.edu $ 
Kilenaitor@vpn-233-133.bulk.ucr.edu $ echo "Test  ing comments"
Testing comments
Kilenaitor@vpn-233-133.bulk.ucr.edu $ 
Kilenaitor@vpn-233-133.bulk.ucr.edu $ 
Kilenaitor@vpn-233-133.bulk.ucr.edu $ ls -l " # this is a comment
total 24
-rw-r--r--@ 1 Kilenaitor  staff  1478 Apr  8 21:02 LICENSE
-rw-r--r--  1 Kilenaitor  staff  1258 Apr 17 17:16 README.md
drwxr-xr-x  3 Kilenaitor  staff   102 Apr 17 18:14 [1m[36mbin[39;49m[0m
-rw-r--r--  1 Kilenaitor  staff   178 Apr 17 02:34 makefile
drwxr-xr-x  3 Kilenaitor  staff   102 Apr 17 17:16 [1m[36msrc[39;49m[0m
drwxr-xr-x  3 Kilenaitor  staff   102 Apr 17 18:14 [1m[36mtests[39;49m[0m
Kilenaitor@vpn-233-133.bulk.ucr.edu $ # th   thi sis w      s is what comments on the one line look lk ike
Kilenaitor@vpn-233-133.bulk.ucr.edu $ 
Kilenaitor@vpn-233-133.bulk.ucr.edu $ 
Kilenaitor@vpn-233-133.bulk.ucr.edu $ 
Kilenaitor@vpn-233-133.bulk.ucr.edu $ 
Kilenaitor@vpn-233-133.bulk.ucr.edu $ ls -l# this is a comment
total 24
-rw-r--r--@ 1 Kilenaitor  staff  1478 Apr  8 21:02 LICENSE
-rw-r--r--  1 Kilenaitor  staff  1258 Apr 17 17:16 README.md
drwxr-xr-x  3 Kilenaitor  staff   102 Apr 17 18:14 [1m[36mbin[39;49m[0m
-rw-r--r--  1 Kilenaitor  staff   178 Apr 17 02:34 makefile
drwxr-xr-x  3 Kilenaitor  staff   102 Apr 17 17:16 [1m[36msrc[39;49m[0m
drwxr-xr-x  3 Kilenaitor  staff   102 Apr 17 18:14 [1m[36mtests[39;49m[0m
Kilenaitor@vpn-233-133.bulk.ucr.edu $ ls -lha# yeah that works too :)
total 32
drwxr-xr-x  10 Kilenaitor  staff   340B Apr 17 18:14 [1m[36m.[39;49m[0m
drwxr-xr-x+ 24 Kilenaitor  staff   816B Apr 15 16:06 [1m[36m..[39;49m[0m
drwxr-xr-x  15 Kilenaitor  staff   510B Apr 17 17:37 [1m[36m.git[39;49m[0m
-rw-r--r--   1 Kilenaitor  staff   249B Apr  9 22:01 .gitignore
-rw-r--r--@  1 Kilenaitor  staff   1.4K Apr  8 21:02 LICENSE
-rw-r--r--   1 Kilenaitor  staff   1.2K Apr 17 17:16 README.md
drwxr-xr-x   3 Kilenaitor  staff   102B Apr 17 18:14 [1m[36mbin[39;49m[0m
-rw-r--r--   1 Kilenaitor  staff   178B Apr 17 02:34 makefile
drwxr-xr-x   3 Kilenaitor  staff   102B Apr 17 17:16 [1m[36msrc[39;49m[0m
drwxr-xr-x   3 Kilenaitor  staff   102B Apr 17 18:14 [1m[36mtests[39;49m[0m
Kilenaitor@vpn-233-133.bulk.ucr.edu $ 
Kilenaitor@vpn-233-133.bulk.ucr.edu $ 
Kilenaitor@vpn-233-133.bulk.ucr.edu $ 
Kilenaitor@vpn-233-133.bulk.ucr.edu $ 
Kilenaitor@vpn-233-133.bulk.ucr.edu $ 
Kilenaitor@vpn-233-133.bulk.ucr.edu $ 
Kilenaitor@vpn-233-133.bulk.ucr.edu $ ssh hammer      kmins002@ucr.    hammer.ucr.eu d      cs.ucr.edu
kmins002@hammer.cs.ucr.edu's password: 
Last login: Fri Apr 17 11:15:18 2015 from ucrwpa3-3-219-218.bulk.ucr.edu
~
kmins002@hammer $ echo "Yeah... you can ssh too :)"
Yeah... you can ssh too :)
~
kmins002@hammer $ eixt
-bash: eixt: command not found
~
kmins002@hammer $ exit
logout
[H[2JConnection to hammer.cs.ucr.edu closed.
Kilenaitor@vpn-233-133.bulk.ucr.edu $ ls -lha
total 32
drwxr-xr-x  10 Kilenaitor  staff   340B Apr 17 18:14 [1m[36m.[39;49m[0m
drwxr-xr-x+ 24 Kilenaitor  staff   816B Apr 15 16:06 [1m[36m..[39;49m[0m
drwxr-xr-x  15 Kilenaitor  staff   510B Apr 17 17:37 [1m[36m.git[39;49m[0m
-rw-r--r--   1 Kilenaitor  staff   249B Apr  9 22:01 .gitignore
-rw-r--r--@  1 Kilenaitor  staff   1.4K Apr  8 21:02 LICENSE
-rw-r--r--   1 Kilenaitor  staff   1.2K Apr 17 17:16 README.md
drwxr-xr-x   3 Kilenaitor  staff   102B Apr 17 18:14 [1m[36mbin[39;49m[0m
-rw-r--r--   1 Kilenaitor  staff   178B Apr 17 02:34 makefile
drwxr-xr-x   3 Kilenaitor  staff   102B Apr 17 17:16 [1m[36msrc[39;49m[0m
drwxr-xr-x   3 Kilenaitor  staff   102B Apr 17 18:14 [1m[36mtests[39;49m[0m
Kilenaitor@vpn-233-133.bulk.ucr.edu $ mkdir test
Kilenaitor@vpn-233-133.bulk.ucr.edu $ ls -lha
total 32
drwxr-xr-x  11 Kilenaitor  staff   374B Apr 17 18:27 [1m[36m.[39;49m[0m
drwxr-xr-x+ 24 Kilenaitor  staff   816B Apr 15 16:06 [1m[36m..[39;49m[0m
drwxr-xr-x  15 Kilenaitor  staff   510B Apr 17 17:37 [1m[36m.git[39;49m[0m
-rw-r--r--   1 Kilenaitor  staff   249B Apr  9 22:01 .gitignore
-rw-r--r--@  1 Kilenaitor  staff   1.4K Apr  8 21:02 LICENSE
-rw-r--r--   1 Kilenaitor  staff   1.2K Apr 17 17:16 README.md
drwxr-xr-x   3 Kilenaitor  staff   102B Apr 17 18:14 [1m[36mbin[39;49m[0m
-rw-r--r--   1 Kilenaitor  staff   178B Apr 17 02:34 makefile
drwxr-xr-x   3 Kilenaitor  staff   102B Apr 17 17:16 [1m[36msrc[39;49m[0m
drwxr-xr-x   2 Kilenaitor  staff    68B Apr 17 18:27 [1m[36mtest[39;49m[0m
drwxr-xr-x   3 Kilenaitor  staff   102B Apr 17 18:14 [1m[36mtests[39;49m[0m
Kilenaitor@vpn-233-133.bulk.ucr.edu $ rm -rf test
Kilenaitor@vpn-233-133.bulk.ucr.edu $ ls -lha
total 32
drwxr-xr-x  10 Kilenaitor  staff   340B Apr 17 18:27 [1m[36m.[39;49m[0m
drwxr-xr-x+ 24 Kilenaitor  staff   816B Apr 15 16:06 [1m[36m..[39;49m[0m
drwxr-xr-x  15 Kilenaitor  staff   510B Apr 17 17:37 [1m[36m.git[39;49m[0m
-rw-r--r--   1 Kilenaitor  staff   249B Apr  9 22:01 .gitignore
-rw-r--r--@  1 Kilenaitor  staff   1.4K Apr  8 21:02 LICENSE
-rw-r--r--   1 Kilenaitor  staff   1.2K Apr 17 17:16 README.md
drwxr-xr-x   3 Kilenaitor  staff   102B Apr 17 18:14 [1m[36mbin[39;49m[0m
-rw-r--r--   1 Kilenaitor  staff   178B Apr 17 02:34 makefile
drwxr-xr-x   3 Kilenaitor  staff   102B Apr 17 17:16 [1m[36msrc[39;49m[0m
drwxr-xr-x   3 Kilenaitor  staff   102B Apr 17 18:14 [1m[36mtests[39;49m[0m
Kilenaitor@vpn-233-133.bulk.ucr.edu $ 
Kilenaitor@vpn-233-133.bulk.ucr.edu $ 
Kilenaitor@vpn-233-133.bulk.ucr.edu $ "ls"
LICENSE   README.md [1m[36mbin[39;49m[0m       makefile  [1m[36msrc[39;49m[0m       [1m[36mtests[39;49m[0m
Kilenaitor@vpn-233-133.bulk.ucr.edu $ "ls -lha"
-rshell: ls -lha: No such file or directory
Kilenaitor@vpn-233-133.bulk.ucr.edu $ 
Kilenaitor@vpn-233-133.bulk.ucr.edu $ Y echo "yeah I built in quotes :)"
yeah I built in quotes :)
Kilenaitor@vpn-233-133.bulk.ucr.edu $ vim
[?1049h[?1h=[1;52r[?12;25h[?12l[?25h[27m[m[H[2J[>c[?25l[1;1H[38;5;130m  1 [m
[94m~                                                                                                                                                                                                                                           [3;1H~                                                                                                                                                                                                                                           [4;1H~                                                                                                                                                                                                                                           [5;1H~                                                                                                                                                                                                                                           [6;1H~                                                                                                                                                                                                                                           [7;1H~                                                                                                                                                                                                                                           [8;1H~                                                                                                                                                                                                                                           [9;1H~                                                                                                                                                                                                                                           [10;1H~                                                                                                                                                                                                                                           [11;1H~                                                                                                                                                                                                                                           [12;1H~                                                                                                                                                                                                                                           [13;1H~                                                                                                                                                                                                                                           [14;1H~                                                                                                                                                                                                                                           [15;1H~                                                                                                                                                                                                                                           [16;1H~                                                                                                                                                                                                                                           [17;1H~                                                                                                                                                                                                                                           [18;1H~                                                                                                                                                                                                                                           [19;1H~                                                                                                                                                                                                                                           [20;1H~                                                                                                                                                                                                                                           [21;1H~                                                                                                                                                                                                                                           [22;1H~                                                                                                                                                                                                                                           [23;1H~                                                                                                                                                                                                                                           [24;1H~                                                                                                                                                                                                                                           [25;1H~                                                                                                                                                                                                                                           [26;1H~                                                                                                                                                                                                                                           [27;1H~                                                                                                                                                                                                                                           [28;1H~                                                                                                                                                                                                                                           [29;1H~                                                                                                                                                                                                                                           [30;1H~                                                                                                                                                                                                                                           [31;1H~                                                                                                                                                                                                                                           [32;1H~                                                                                                                                                                                                                                           [33;1H~                                                                                                                                                                                                                                           [34;1H~                                                                                                                                                                                                                                           [35;1H~                                                                                                                                                                                                                                           [36;1H~                                                                                                                                                                                                                                           [37;1H~                                                                                                                                                                                                                                           [38;1H~                                                                                                                                                                                                                                           [39;1H~                                                                                                                                                                                                                                           [40;1H~                                                                                                                                                                                                                                           [41;1H~                                                                                                                                                                                                                                           [42;1H~                                                                                                                                                                                                                                           [43;1H~                                                                                                                                                                                                                                           [44;1H~                                                                                                                                                                                                                                           [45;1H~                                                                                                                                                                                                                                           [46;1H~                                                                                                                                                                                                                                           [47;1H~                                                                                                                                                                                                                                           [48;1H~                                                                                                                                                                                                                                           [49;1H~                                                                                                                                                                                                                                           [50;1H~                                                                                                                                                                                                                                           [51;1H~                                                                                                                                                                                                                                           [m[21;110HVIM - Vi IMproved[23;113Hversion 7.3[24;107Hby Bram Moolenaar et al.[25;97HVim is open source and freely distributable[27;104HHelp poor children in Uganda![28;96Htype  :help iccf[34m<Enter>[m       for information [30;96Htype  :q[34m<Enter>[m               to exit         [31;96Htype  :help[34m<Enter>[m  or  [34m<F1>[m  for on-line help[32;96Htype  :help version7[34m<Enter>[m   for version info[1;5H[?12l[?25h[?25l[52;1HType  :quit<Enter>  to exit Vim[1;5H[?12l[?25h[?25l[52;1H[K[52;1H:[?12l[?25hq![?25l[52;3H[K[52;3H[?12l[?25h[?25l[52;2H[K[52;2H[?12l[?25h! echo "this is cool"[?25l[22C[?1l>[?12l[?25h[?1049l
this is cool

Press ENTER or type command to continue[?1049h[?1h=[27m[m[H[2J[?25l[1;1H[38;5;130m  1 [m
[94m~                                                                                                                                                                                                                                           [3;1H~                                                                                                                                                                                                                                           [4;1H~                                                                                                                                                                                                                                           [5;1H~                                                                                                                                                                                                                                           [6;1H~                                                                                                                                                                                                                                           [7;1H~                                                                                                                                                                                                                                           [8;1H~                                                                                                                                                                                                                                           [9;1H~                                                                                                                                                                                                                                           [10;1H~                                                                                                                                                                                                                                           [11;1H~                                                                                                                                                                                                                                           [12;1H~                                                                                                                                                                                                                                           [13;1H~                                                                                                                                                                                                                                           [14;1H~                                                                                                                                                                                                                                           [15;1H~                                                                                                                                                                                                                                           [16;1H~                                                                                                                                                                                                                                           [17;1H~                                                                                                                                                                                                                                           [18;1H~                                                                                                                                                                                                                                           [19;1H~                                                                                                                                                                                                                                           [20;1H~                                                                                                                                                                                                                                           [21;1H~                                                                                                                                                                                                                                           [22;1H~                                                                                                                                                                                                                                           [23;1H~                                                                                                                                                                                                                                           [24;1H~                                                                                                                                                                                                                                           [25;1H~                                                                                                                                                                                                                                           [26;1H~                                                                                                                                                                                                                                           [27;1H~                                                                                                                                                                                                                                           [28;1H~                                                                                                                                                                                                                                           [29;1H~                                                                                                                                                                                                                                           [30;1H~                                                                                                                                                                                                                                           [31;1H~                                                                                                                                                                                                                                           [32;1H~                                                                                                                                                                                                                                           [33;1H~                                                                                                                                                                                                                                           [34;1H~                                                                                                                                                                                                                                           [35;1H~                                                                                                                                                                                                                                           [36;1H~                                                                                                                                                                                                                                           [37;1H~                                                                                                                                                                                                                                           [38;1H~                                                                                                                                                                                                                                           [39;1H~                                                                                                                                                                                                                                           [40;1H~                                                                                                                                                                                                                                           [41;1H~                                                                                                                                                                                                                                           [42;1H~                                                                                                                                                                                                                                           [43;1H~                                                                                                                                                                                                                                           [44;1H~                                                                                                                                                                                                                                           [45;1H~                                                                                                                                                                                                                                           [46;1H~                                                                                                                                                                                                                                           [47;1H~                                                                                                                                                                                                                                           [48;1H~                                                                                                                                                                                                                                           [49;1H~                                                                                                                                                                                                                                           [50;1H~                                                                                                                                                                                                                                           [51;1H~                                                                                                                                                                                                                                           [1;5H[?12l[?25h[?25l[52;1H[m:[?12l[?25hq![?25l[97m[41mError detected while processing BufWinLeave Auto commands for "*":[m
[97m[41mE32: No file name[m[?1l>[?12l[?25h[?1049l
Kilenaitor@vpn-233-133.bulk.ucr.edu $ 
Kilenaitor@vpn-233-133.bulk.ucr.edu $ 
Kilenaitor@vpn-233-133.bulk.ucr.edu $ echo "Just had to throw that in there :)"
Just had to throw that in there :)
Kilenaitor@vpn-233-133.bulk.ucr.edu $ =\ ]
-rshell: =]: No such file or directory
Kilenaitor@vpn-233-133.bulk.ucr.edu $ 
Kilenaitor@vpn-233-133.bulk.ucr.edu $ echo "Trying some really long o commands"
Trying some really long commands
Kilenaitor@vpn-233-133.bulk.ucr.edu $ 
Kilenaitor@vpn-233-133.bulk.ucr.edu $ 
Kilenaitor@vpn-233-133.bulk.ucr.edu $ echo ' "Adolph Blaine Charles David Earl Frederick Gerald Hubert Irvin John Kenneth Lloyd Martin Nero Oliver Paul Quincy Randolph Sherman Thomas Uncas Victor William Xerxes Yancy Zeus WolfeÂ­schlegelsteinÂ­hausenbergerÂ­dorffvoralternÂ­warenÂ­gewissenhaftÂ­schaferswessenÂ­schafewarenÂ­wohlgepflegeÂ­undÂ­sorgfaltigkeitÂ­beschutzenÂ­vonÂ­angreifenÂ­durchÂ­ihrraubgierigfeindeÂ­welcheÂ­voralternÂ­zwolftausendÂ­jahresÂ­vorandieerscheinenÂ­wanderÂ­ersteerÂ­demÂ­enschderraumschiffÂ­gebrauchlichtÂ­alsÂ­seinÂ­ursprungÂ­vonÂ­kraftgestartÂ­seinÂ­langeÂ­fahrtÂ­hinzwischenÂ­sternartigraumÂ­aufÂ­derÂ­suchenachÂ­diesternÂ­welcheÂ­gehabtÂ­bewohnbarÂ­planetenÂ­kreiseÂ­drehenÂ­sichÂ­undÂ­wohinÂ­derÂ­neurasseÂ­vonÂ­verstandigmenÂ­schlichkeitÂ­konnteÂ­fortplanzenÂ­undÂ­sicherÂ­freuenÂ­anlebensÂ­langlichÂ­freudeÂ­undÂ­ruheÂ­mitÂ­nichtÂ­einÂ­furchtÂ­vorÂ­angreifenÂ­vonÂ­andererÂ­intelligentÂ­geschopfsÂ­vonÂ­hinzwischenÂ­sternartigraum, Senior"
Adolph Blaine Charles David Earl Frederick Gerald Hubert Irvin John Kenneth Lloyd Martin Nero Oliver Paul Quincy Randolph Sherman Thomas Uncas Victor William Xerxes Yancy Zeus WolfeÂ­schlegelsteinÂ­hausenbergerÂ­dorffvoralternÂ­warenÂ­gewissenhaftÂ­schaferswessenÂ­schafewarenÂ­wohlgepflegeÂ­undÂ­sorgfaltigkeitÂ­beschutzenÂ­vonÂ­angreifenÂ­durchÂ­ihrraubgierigfeindeÂ­welcheÂ­voralternÂ­zwolftausendÂ­jahresÂ­vorandieerscheinenÂ­wanderÂ­ersteerÂ­demÂ­enschderraumschiffÂ­gebrauchlichtÂ­alsÂ­seinÂ­ursprungÂ­vonÂ­kraftgestartÂ­seinÂ­langeÂ­fahrtÂ­hinzwischenÂ­sternartigraumÂ­aufÂ­derÂ­suchenachÂ­diesternÂ­welcheÂ­gehabtÂ­bewohnbarÂ­planetenÂ­kreiseÂ­drehenÂ­sichÂ­undÂ­wohinÂ­derÂ­neurasseÂ­vonÂ­verstandigmenÂ­schlichkeitÂ­konnteÂ­fortplanzenÂ­undÂ­sicherÂ­freuenÂ­anlebensÂ­langlichÂ­freudeÂ­undÂ­ruheÂ­mitÂ­nichtÂ­einÂ­furchtÂ­vorÂ­angreifenÂ­vonÂ­andererÂ­intelligentÂ­geschopfsÂ­vonÂ­hinzwischenÂ­sternartigraum, Senior
Kilenaitor@vpn-233-133.bulk.ucr.edu $ 
Kilenaitor@vpn-233-133.bulk.ucr.edu $ echo "It shouldn't ov  ever v overload, but just being safe"
It shouldnt ever overload, but just being safe
Kilenaitor@vpn-233-133.bulk.ucr.edu $ 
Kilenaitor@vpn-233-133.bulk.ucr.edu $ 
Kilenaitor@vpn-233-133.bulk.ucr.edu $ 
Kilenaitor@vpn-233-133.bulk.ucr.edu $ 
Kilenaitor@vpn-233-133.bulk.ucr.edu $ 
Kilenaitor@vpn-233-133.bulk.ucr.edu $ echo echo echo echo
echo echo echo
Kilenaitor@vpn-233-133.bulk.ucr.edu $ woo!
-rshell: woo!: No such file or directory
Kilenaitor@vpn-233-133.bulk.ucr.edu $ !e  eh cho "this is cool"
this is cool
Kilenaitor@vpn-233-133.bulk.ucr.edu $ !echo
-rshell: !echo: No such file or directory
Kilenaitor@vpn-233-133.bulk.ucr.edu $ 
Kilenaitor@vpn-233-133.bulk.ucr.edu $ 
Kilenaitor@vpn-233-133.bulk.ucr.edu $ echo "Okay cool. That should be it for tests."
Okay cool. That should be it for tests.
Kilenaitor@vpn-233-133.bulk.ucr.edu $ 
Kilenaitor@vpn-233-133.bulk.ucr.edu $ exit
[01;37m0 [01;32mâœ“ [01;32mKilenaitor@vpn-233-133[01;34m ~/Desktop/rshell $[00m eixt[K[K[Kxit
exit

Script done on Fri Apr 17 18:34:07 2015
